---
source: src/ui/snapshot_tests.rs
expression: buffer_to_string(&buf)
---














                                       ███████╗███████╗████████╗████████╗██╗
                                       ██╔════╝██╔════╝╚══██╔══╝╚══██╔══╝██║
                                       ███████╗█████╗     ██║      ██║   ██║
                                       ╚════██║██╔══╝     ██║      ██║   ██║
                                       ███████║███████╗   ██║      ██║   ███████╗
                                       ╚══════╝╚══════╝   ╚═╝      ╚═╝   ╚══════╝


                                                     terminal catan

                                                 Press any key to start
