---
source: src/ui/snapshot_tests.rs
expression: buffer_to_string(&buf)
---

                                                                                 New Game

                                                     Players: 4  (press +/- to change)

                                                      #  Name         Type     Model              Personality
                                                     > 1  Player       Human    —                  —
                                                       2  Bob          LLM      claude-sonnet-4-6  Aggressive
                                                       3  Charlie      LLM      claude-sonnet-4-6  Grudge Holder
                                                       4  Diana        LLM      claude-sonnet-4-6  Builder


                                                       [ Start Game ]



















































                                                ↑↓: move  |  ←→/Tab: change  |  Enter: start  |  +/-: players  |  Esc: back
