---
source: src/ui/snapshot_tests.rs
expression: buffer_to_string(&buf)
---
┌ Board ─────────────────────────────────────────────────────────────────────────────────────────┐┌ Players ───────────┐
│                                                                                                ││>P0 Alice 0VP       │
│                                                                                                ││  W:0 B:0 S:0 H:0 O:│
│                                      *                       *                                 ││                    │
│                                   ╱     ╲  *  ╱     ╲     ╱     ╲  *                           ││ P1 Bob 0VP         │
│                                 ╱  Bk  5  ╲ ╱  Bk  2  ╲ ╱  Bk  6  ╲                            ││  W:0 B:0 S:0 H:0 O:│
│                                    ····          ·         ·····                               ││                    │
│                                 ╲         ╱ ╲         ╱ ╲         ╱                            ││ P2 Charlie 0VP     │
│                                *  ╲     ╱     ╲     ╱     ╲     ╱                              ││  W:0 B:0 S:0 H:0 O:│
│                          *  ╱     ╲     ╱     ╲     ╱     ╲     ╱     ╲  *                     ││                    │
│                           ╱  Wo  3  ╲ ╱  Wo  8  ╲ ╱  Wo 10  ╲ ╱  Wo  9  ╲                      ││ P3 Diana 0VP       │
│                               ··         ·····        ···        ····                          ││  W:0 B:0 S:0 H:0 O:│
│                           ╲         ╱ ╲         ╱ ╲         ╱ ╲         ╱                      ││                    │
│                             ╲     ╱     ╲     ╱     ╲     ╱     ╲     ╱                        ││Turn: 1             │
│                       ╱     ╲     ╱     ╲     ╱     ╲     ╱     ╲     ╱     ╲  *               ││Phase: Setup { round│
│                     ╱  Or 12  ╲ ╱  Or 11  ╲ ╱  Or  4  ╲ ╱  Wh  8  ╲ ╱  Wh 10  ╲                ││Deck: 25 cards      │
│                          ·          ··          ···        ·····        ···                    ││                    │
│                     ╲         ╱ ╲         ╱ ╲         ╱ ╲         ╱ ╲         ╱                ││                    │
│                       ╲     ╱     ╲     ╱     ╲     ╱     ╲     ╱     ╲     ╱                  ││                    │
│                             ╱     ╲     ╱     ╲     ╱     ╲     ╱     ╲                        │└────────────────────┘
│                           ╱  Wh  9  ╲ ╱  Wh  4  ╲ ╱  Sh  5  ╲ ╱  Sh  6  ╲                      │┌ Game Log (2/2) ────┐
│                              ····         ···        ····        ·····                         ││   1| Game started  │
│                           ╲         ╱ ╲         ╱ ╲         ╱ ╲         ╱                      ││-- your turn will   │
│                          *  ╲     ╱     ╲     ╱     ╲     ╱     ╲     ╱  *                     ││show a prompt       │
│                                   ╱     ╲     ╱     ╲     ╱     ╲  *                           ││   2| q:quit        │
│                                 ╱  Sh  3  ╲ ╱  Sh 11  ╲ ╱ R De    ╲                            ││Space:pause         │
│                                     ··          ··                                             ││+/-:speed           │
│                                 ╲         ╱ ╲         ╱ ╲         ╱                            ││j/k:scroll  Tab:AI  │
│                                   ╲     ╱  *  ╲     ╱     ╲     ╱  *                           ││panel               │
│                                      *                       *                                 ││                    │
│                                                                                                ││                    │
│                                                                                                ││                    │
│                                                                                                ││                    │
└────────────────────────────────────────────────────────────────────────────────────────────────┘└────────────────────┘
┌──────────────────────────────────────────────────────────────────────────────────────────────────────────────────────┐
│ GIVE: (none)     GET: (none)  ▸GIVE                                                                                  │
│ Have: W:3 B:2 S:1 H:4 O:2                                                                                            │
│ [w/b/s/h/o] add  [Tab] switch give/get  [Backspace] undo  [Enter] send  [Esc] cancel                                 │
└──────────────────────────────────────────────────────────────────────────────────────────────────────────────────────┘
 Speed: 100ms  TRADING  | q:quit  ?:help  Tab:AI  Space:pause  +/-:speed
