---
source: src/ui/snapshot_tests.rs
expression: buffer_to_string(&buf)
---

                                                                                 New Game

                                                     Players: 4  (press +/- to change)

                                                      #  Name         Type     Model              Personality
                                                     > 1  Player       Human    —                  —
                                                       2  Bob          Random   —                  —
                                                       3  Charlie      Random   —                  —
                                                       4  Diana        Random   —                  —

                                                     ────────────────────────────────────────────────────────────────
                                                       Seed: [random]

                                                       [ Start Game ]

















































                                                ↑↓: move  |  ←→/Tab: change  |  Enter: start  |  +/-: players  |  Esc: back
