---
source: src/ui/snapshot_tests.rs
expression: buffer_to_string(&buf)
---
┌ Board ─────────────────────────────────────────────────┐┌ Players ───────────┐
│                                                        ││>P0 Alice 0VP       │
│                          *                       *     ││  W:0 B:0 S:0 H:0 O:│
│                       ╱     ╲  *  ╱     ╲     ╱     ╲  ││                    │
│                     ╱  Bk  5  ╲ ╱  Bk  2  ╲ ╱  Bk  6  ╲││ P1 Bob 0VP         │
│                        ····          ·         ·····   ││  W:0 B:0 S:0 H:0 O:│
│                     ╲         ╱ ╲         ╱ ╲         ╱││                    │
│                    *  ╲     ╱     ╲     ╱     ╲     ╱  ││ P2 Charlie 0VP     │
│              *  ╱     ╲     ╱     ╲     ╱     ╲     ╱  ││  W:0 B:0 S:0 H:0 O:│
│               ╱  Wo  3  ╲ ╱  Wo  8  ╲ ╱  Wo 10  ╲ ╱  Wo││                    │
│                   ··         ·····        ···        ··││ P3 Diana 0VP       │
│               ╲         ╱ ╲         ╱ ╲         ╱ ╲    ││  W:0 B:0 S:0 H:0 O:│
│                 ╲     ╱     ╲     ╱     ╲     ╱     ╲  ││                    │
│           ╱     ╲     ╱     ╲     ╱     ╲     ╱     ╲  ││Turn: 1             │
│         ╱  Or 12  ╲ ╱  Or 11  ╲ ╱  Or  4  ╲ ╱  Wh  8  ╲││Phase: Setup { round│
│              ·          ··          ···        ·····   ││Deck: 25 cards      │
│         ╲         ╱ ╲         ╱ ╲         ╱ ╲         ╱││                    │
│           ╲     ╱     ╲     ╱     ╲     ╱     ╲     ╱  ││                    │
│                 ╱     ╲     ╱     ╲     ╱     ╲     ╱  │└────────────────────┘
│               ╱  Wh  9  ╲ ╱  Wh  4  ╲ ╱  Sh  5  ╲ ╱  Sh│┌ Game Log (2/2) ────┐
│                  ····         ···        ····        ··││   1| Game started  │
│               ╲         ╱ ╲         ╱ ╲         ╱ ╲    ││-- your turn will   │
│              *  ╲     ╱     ╲     ╱     ╲     ╱     ╲  ││show a prompt       │
└────────────────────────────────────────────────────────┘└────────────────────┘
┌──────────────────────────────────────────────────────────────────────────────┐
│▸ Build Settlement[s]  Build Road[r]  Buy Development Card[d]  Propose Trade[t│
│                                                                              │
│ [Arrow/Enter] select  [s]ettlement  [r]oad  [d]ev card  [t]rade  [e]nd turn  │
└──────────────────────────────────────────────────────────────────────────────┘
 Speed: 100ms  YOUR TURN  | q:quit  ?:help  Tab:AI  Space:pause  +/-:speed
